// Jest Snapshot v1, https://goo.gl/fbAQLP

exports[`secondary navigation renders correctly 1`] = `
<nav
  className="SecondaryNav"
>
  <ul
    className="SecondaryNav--list"
  >
    <li
      className="SecondaryNav--link"
    >
      <a
        href="/"
        onClick={[Function]}
      >
        Testing
      </a>
    </li>
  </ul>
</nav>
`;
